
icetime topological timing analysis report
==========================================

Info: max_span_hack is enabled: estimate is conservative.

Report for critical path:
-------------------------

        lc40_2_27_0 (LogicCell40) [clk] -> lcout: 1.491 ns
     1.491 ns net_10536 (counter[0])
        t47 (LocalMux) I -> O: 1.099 ns
        inmux_1_27_10601_10611 (InMux) I -> O: 0.662 ns
        lc40_1_27_0 (LogicCell40) in1 -> carryout: 0.675 ns
     3.928 ns t2
        lc40_1_27_1 (LogicCell40) carryin -> carryout: 0.278 ns
     4.206 ns net_10615 (counter_SB_CARRY_CI_CO[2])
        lc40_1_27_2 (LogicCell40) carryin -> carryout: 0.278 ns
     4.484 ns net_10621 (counter_SB_CARRY_CI_CO[3])
        lc40_1_27_3 (LogicCell40) carryin -> carryout: 0.278 ns
     4.762 ns net_10627 (counter_SB_CARRY_CI_CO[4])
        lc40_1_27_4 (LogicCell40) carryin -> carryout: 0.278 ns
     5.040 ns net_10633 (counter_SB_CARRY_CI_CO[5])
        lc40_1_27_5 (LogicCell40) carryin -> carryout: 0.278 ns
     5.318 ns net_10639 (counter_SB_CARRY_CI_CO[6])
        lc40_1_27_6 (LogicCell40) carryin -> carryout: 0.278 ns
     5.596 ns net_10645 (counter_SB_CARRY_CI_CO[7])
        lc40_1_27_7 (LogicCell40) carryin -> carryout: 0.278 ns
     5.875 ns net_10651 (counter_SB_CARRY_CI_CO[8])
        t3 (ICE_CARRY_IN_MUX) carryinitin -> carryinitout: 0.556 ns
        lc40_1_28_0 (LogicCell40) carryin -> carryout: 0.278 ns
     6.709 ns net_10756 (counter_SB_CARRY_CI_CO[9])
        lc40_1_28_1 (LogicCell40) carryin -> carryout: 0.278 ns
     6.987 ns net_10762 (counter_SB_CARRY_CI_CO[10])
        lc40_1_28_2 (LogicCell40) carryin -> carryout: 0.278 ns
     7.265 ns net_10768 (counter_SB_CARRY_CI_CO[11])
        lc40_1_28_3 (LogicCell40) carryin -> carryout: 0.278 ns
     7.543 ns net_10774 (counter_SB_CARRY_CI_CO[12])
        lc40_1_28_4 (LogicCell40) carryin -> carryout: 0.278 ns
     7.822 ns net_10780 (counter_SB_CARRY_CI_CO[13])
        lc40_1_28_5 (LogicCell40) carryin -> carryout: 0.278 ns
     8.100 ns net_10786 (counter_SB_CARRY_CI_CO[14])
        lc40_1_28_6 (LogicCell40) carryin -> carryout: 0.278 ns
     8.378 ns net_10792 (counter_SB_CARRY_CI_CO[15])
        lc40_1_28_7 (LogicCell40) carryin -> carryout: 0.278 ns
     8.656 ns net_10798 (counter_SB_CARRY_CI_CO[16])
        t4 (ICE_CARRY_IN_MUX) carryinitin -> carryinitout: 0.556 ns
        lc40_1_29_0 (LogicCell40) carryin -> carryout: 0.278 ns
     9.490 ns net_10903 (counter_SB_CARRY_CI_CO[17])
        lc40_1_29_1 (LogicCell40) carryin -> carryout: 0.278 ns
     9.768 ns net_10909 (counter_SB_CARRY_CI_CO[18])
        lc40_1_29_2 (LogicCell40) carryin -> carryout: 0.278 ns
    10.047 ns net_10915 (counter_SB_CARRY_CI_CO[19])
        lc40_1_29_3 (LogicCell40) carryin -> carryout: 0.278 ns
    10.325 ns net_10921 (counter_SB_CARRY_CI_CO[20])
        lc40_1_29_4 (LogicCell40) carryin -> carryout: 0.278 ns
    10.603 ns net_10927 (counter_SB_CARRY_CI_CO[21])
        lc40_1_29_5 (LogicCell40) carryin -> carryout: 0.278 ns
    10.881 ns net_10933 (counter_SB_CARRY_CI_CO[22])
        lc40_1_29_6 (LogicCell40) carryin -> carryout: 0.278 ns
    11.159 ns net_10939 (counter_SB_CARRY_CI_CO[23])
        lc40_1_29_7 (LogicCell40) carryin -> carryout: 0.278 ns
    11.437 ns net_10945 (counter_SB_CARRY_CI_CO[24])
        t5 (ICE_CARRY_IN_MUX) carryinitin -> carryinitout: 0.556 ns
        lc40_1_30_0 (LogicCell40) carryin -> carryout: 0.278 ns
    12.272 ns net_11050 (counter_SB_CARRY_CI_CO[25])
        inmux_1_30_11050_11060 (InMux) I -> O: 0.662 ns
    12.934 ns net_11060 (counter_SB_CARRY_CI_CO[25])
        lc40_1_30_1 (LogicCell40) in3 [setup]: 0.583 ns
    13.517 ns net_6281 (counter[25])

Resolvable net names on path:
     1.491 ns ..  3.252 ns counter[0]
     4.206 ns ..  4.206 ns counter_SB_CARRY_CI_CO[2]
     4.484 ns ..  4.484 ns counter_SB_CARRY_CI_CO[3]
     4.762 ns ..  4.762 ns counter_SB_CARRY_CI_CO[4]
     5.040 ns ..  5.040 ns counter_SB_CARRY_CI_CO[5]
     5.318 ns ..  5.318 ns counter_SB_CARRY_CI_CO[6]
     5.596 ns ..  5.596 ns counter_SB_CARRY_CI_CO[7]
     5.875 ns ..  6.431 ns counter_SB_CARRY_CI_CO[8]
     6.709 ns ..  6.709 ns counter_SB_CARRY_CI_CO[9]
     6.987 ns ..  6.987 ns counter_SB_CARRY_CI_CO[10]
     7.265 ns ..  7.265 ns counter_SB_CARRY_CI_CO[11]
     7.543 ns ..  7.543 ns counter_SB_CARRY_CI_CO[12]
     7.822 ns ..  7.822 ns counter_SB_CARRY_CI_CO[13]
     8.100 ns ..  8.100 ns counter_SB_CARRY_CI_CO[14]
     8.378 ns ..  8.378 ns counter_SB_CARRY_CI_CO[15]
     8.656 ns ..  9.212 ns counter_SB_CARRY_CI_CO[16]
     9.490 ns ..  9.490 ns counter_SB_CARRY_CI_CO[17]
     9.768 ns ..  9.768 ns counter_SB_CARRY_CI_CO[18]
    10.047 ns .. 10.047 ns counter_SB_CARRY_CI_CO[19]
    10.325 ns .. 10.325 ns counter_SB_CARRY_CI_CO[20]
    10.603 ns .. 10.603 ns counter_SB_CARRY_CI_CO[21]
    10.881 ns .. 10.881 ns counter_SB_CARRY_CI_CO[22]
    11.159 ns .. 11.159 ns counter_SB_CARRY_CI_CO[23]
    11.437 ns .. 11.993 ns counter_SB_CARRY_CI_CO[24]
    12.272 ns .. 12.934 ns counter_SB_CARRY_CI_CO[25]
                  lcout -> counter[25]

Total number of logic levels: 26
Total path delay: 13.52 ns (73.98 MHz)

